// Jest Snapshot v1, https://goo.gl/fbAQLP

exports[`renders correctly 1`] = `
<Text
  style={
    Array [
      Object {
        "color": "#212121",
        "fontSize": 15,
        "fontWeight": "bold",
        "textTransform": "uppercase",
      },
    ]
  }
/>
`;
