// Jest Snapshot v1, https://goo.gl/fbAQLP

exports[`renders correctly 1`] = `
<View
  style={
    Array [
      Object {
        "marginRight": 50,
      },
    ]
  }
>
  <Text
    style={
      Array [
        Object {
          "fontSize": 13,
        },
      ]
    }
  >
    10 AM
  </Text>
  <Image
    source={
      Object {
        "testUri": "../../../src/assets/rain.png",
      }
    }
    style={
      Array [
        Object {
          "height": 32,
          "top": 13,
          "width": 32,
        },
      ]
    }
  />
  <Text
    style={
      Array [
        Object {
          "fontSize": 25,
          "top": 23,
        },
      ]
    }
  >
    19Â°
  </Text>
</View>
`;
